[36mvite v8.0.5 [32mbuilding client environment for production...[36m[39m
[2K
transforming...Γ£ô 45 modules transformed.
rendering chunks...
computing gzip size...
dist/index.html                     0.90 kB Γöé gzip:   0.50 kB
dist/assets/index-BA9jalAg.css     29.78 kB Γöé gzip:   6.75 kB
dist/assets/index-DdaAQAyY.js     624.35 kB Γöé gzip: 178.76 kB
dist/assets/html2pdf-iIfRMFad.js  935.95 kB Γöé gzip: 265.63 kB

[32mΓ£ô built in 308ms[39m
node.exe : [33m[plugin 
builtin:vite-reporter] 
At line:1 char:1
+ & "C:\Program 
Files\nodejs/node.exe" 
"C:\Program 
Files\nodejs/node_mo ...
+ ~~~~~~~~~~~~~~~~~~~~~~
~~~~~~~~~~~~~~~~~~~~~~~~
~~~~~~~~~~~~~~~~~~~~~~~
    + CategoryInfo      
        : NotSpecified: 
(    [33m[plugin 
builtin:v    
ite-reporter] :String   
 ) [], RemoteException
    + 
FullyQualifiedError    
Id : NativeCommandErr   
 or
 
(!) Some chunks are 
larger than 500 kB 
after minification. 
Consider:
- Using dynamic 
import() to code-split 
the application
- Use build.rolldownOpti
ons.output.codeSplitting
 to improve chunking: ht
tps://rolldown.rs/refere
nce/OutputOptions.codeSp
litting
- Adjust chunk size 
limit for this warning 
via build.chunkSizeWarni
ngLimit.[39m
